-- The C compiler identification is GNU 13.3.0
-- The CXX compiler identification is GNU 13.3.0
-- Detecting C compiler ABI info
-- Detecting C compiler ABI info - done
-- Check for working C compiler: /usr/bin/cc - skipped
-- Detecting C compile features
-- Detecting C compile features - done
-- Detecting CXX compiler ABI info
-- Detecting CXX compiler ABI info - done
-- Check for working CXX compiler: /usr/bin/c++ - skipped
-- Detecting CXX compile features
-- Detecting CXX compile features - done
-- Found ament_cmake: 2.5.6 (/opt/ros/jazzy/share/ament_cmake/cmake)
-- Found Python3: /usr/bin/python3 (found version "3.12.3") found components: Interpreter 
-- Found rclcpp: 28.1.21 (/opt/ros/jazzy/share/rclcpp/cmake)
-- Found rosidl_generator_c: 4.6.9 (/opt/ros/jazzy/share/rosidl_generator_c/cmake)
-- Found rosidl_generator_cpp: 4.6.9 (/opt/ros/jazzy/share/rosidl_generator_cpp/cmake)
-- Using all available rosidl_typesupport_c: rosidl_typesupport_fastrtps_c;rosidl_typesupport_introspection_c
-- Using all available rosidl_typesupport_cpp: rosidl_typesupport_fastrtps_cpp;rosidl_typesupport_introspection_cpp
-- Found rmw_implementation_cmake: 7.3.3 (/opt/ros/jazzy/share/rmw_implementation_cmake/cmake)
-- Found rmw_fastrtps_cpp: 8.4.4 (/opt/ros/jazzy/share/rmw_fastrtps_cpp/cmake)
-- Found OpenSSL: /usr/lib/x86_64-linux-gnu/libcrypto.so (found version "3.0.13")  
-- Found FastRTPS: /opt/ros/jazzy/include (Required is at least version "2.13") 
-- Using RMW implementation 'rmw_fastrtps_cpp' as default
-- Found std_msgs: 5.3.8 (/opt/ros/jazzy/share/std_msgs/cmake)
-- Configuring done (0.9s)
-- Generating done (0.0s)
-- Build files have been written to: /home/ardra/ros2_tut/build/qos_demo
[ 25%] [32mBuilding CXX object CMakeFiles/qos_subscriber.dir/src/qos_subscriber.cpp.o[0m
[ 50%] [32mBuilding CXX object CMakeFiles/qos_publisher.dir/src/qos_publisher.cpp.o[0m
[ 75%] [32m[1mLinking CXX executable qos_publisher[0m
[ 75%] Built target qos_publisher
[100%] [32m[1mLinking CXX executable qos_subscriber[0m
[100%] Built target qos_subscriber
-- Install configuration: ""
-- Installing: /home/ardra/ros2_tut/install/qos_demo/lib/qos_demo/qos_publisher
-- Set non-toolchain portion of runtime path of "/home/ardra/ros2_tut/install/qos_demo/lib/qos_demo/qos_publisher" to ""
-- Installing: /home/ardra/ros2_tut/install/qos_demo/lib/qos_demo/qos_subscriber
-- Set non-toolchain portion of runtime path of "/home/ardra/ros2_tut/install/qos_demo/lib/qos_demo/qos_subscriber" to ""
-- Installing: /home/ardra/ros2_tut/install/qos_demo/share/ament_index/resource_index/package_run_dependencies/qos_demo
-- Installing: /home/ardra/ros2_tut/install/qos_demo/share/ament_index/resource_index/parent_prefix_path/qos_demo
-- Installing: /home/ardra/ros2_tut/install/qos_demo/share/qos_demo/environment/ament_prefix_path.sh
-- Installing: /home/ardra/ros2_tut/install/qos_demo/share/qos_demo/environment/ament_prefix_path.dsv
-- Installing: /home/ardra/ros2_tut/install/qos_demo/share/qos_demo/environment/path.sh
-- Installing: /home/ardra/ros2_tut/install/qos_demo/share/qos_demo/environment/path.dsv
-- Installing: /home/ardra/ros2_tut/install/qos_demo/share/qos_demo/local_setup.bash
-- Installing: /home/ardra/ros2_tut/install/qos_demo/share/qos_demo/local_setup.sh
-- Installing: /home/ardra/ros2_tut/install/qos_demo/share/qos_demo/local_setup.zsh
-- Installing: /home/ardra/ros2_tut/install/qos_demo/share/qos_demo/local_setup.dsv
-- Installing: /home/ardra/ros2_tut/install/qos_demo/share/qos_demo/package.dsv
-- Installing: /home/ardra/ros2_tut/install/qos_demo/share/ament_index/resource_index/packages/qos_demo
-- Installing: /home/ardra/ros2_tut/install/qos_demo/share/qos_demo/cmake/qos_demoConfig.cmake
-- Installing: /home/ardra/ros2_tut/install/qos_demo/share/qos_demo/cmake/qos_demoConfig-version.cmake
-- Installing: /home/ardra/ros2_tut/install/qos_demo/share/qos_demo/package.xml
